***************************************************************
Welcome to the Auction App
 -- Created by     -- 
 -- Luis Octavo    -- 
 -- Owais Najmi    -- 
 -- Islam Nuryyev  -- 
 -- Bhargav Parekh -- 
***************************************************************

Enter command: 
Enter username: 
LT04ERR- User does not exist

Enter command: 
Logout successful!
